[pixinvent.com/apex-angular-4-bootstrap-admin-template/html-demo-1/dashboard2.html]
[backblue.gif]
[fade.gif]
[index.html]
[pixinvent.com/apex-angular-4-bootstrap-admin-template/app-assets/img/ico/favicon-32.png]
[pixinvent.com/apex-angular-4-bootstrap-admin-template/app-assets/fonts/feather/style.min.css]
[pixinvent.com/apex-angular-4-bootstrap-admin-template/app-assets/fonts/simple-line-icons/style.min.css]
[pixinvent.com/apex-angular-4-bootstrap-admin-template/app-assets/vendors/css/perfect-scrollbar.min.css]
[pixinvent.com/apex-angular-4-bootstrap-admin-template/app-assets/fonts/font-awesome/css/font-awesome.min.css]
[pixinvent.com/apex-angular-4-bootstrap-admin-template/app-assets/vendors/css/prism.min.css]
[pixinvent.com/apex-angular-4-bootstrap-admin-template/app-assets/vendors/css/switchery.min.css]
[pixinvent.com/apex-angular-4-bootstrap-admin-template/app-assets/vendors/css/chartist.min.css]
[pixinvent.com/apex-angular-4-bootstrap-admin-template/app-assets/css/bootstrap.min.css]
[pixinvent.com/apex-angular-4-bootstrap-admin-template/app-assets/css/bootstrap-extended.min.css]
[pixinvent.com/apex-angular-4-bootstrap-admin-template/app-assets/css/colors.min.css]
[pixinvent.com/apex-angular-4-bootstrap-admin-template/app-assets/css/components.min.css]
[pixinvent.com/apex-angular-4-bootstrap-admin-template/app-assets/css/themes/layout-dark.min.css]
[pixinvent.com/apex-angular-4-bootstrap-admin-template/app-assets/css/plugins/switchery.min.css]
[pixinvent.com/apex-angular-4-bootstrap-admin-template/app-assets/css/pages/dashboard2.min.css]
[pixinvent.com/apex-angular-4-bootstrap-admin-template/app-assets/fonts/weathericons/css/weather-icons.min.css]
[pixinvent.com/apex-angular-4-bootstrap-admin-template/app-assets/fonts/weathericons/css/weather-icons-wind.min.css]
[pixinvent.com/apex-angular-4-bootstrap-admin-template/assets/css/style.css]
[pixinvent.com/apex-angular-4-bootstrap-admin-template/app-assets/img/flags/us.png]
[pixinvent.com/apex-angular-4-bootstrap-admin-template/app-assets/img/flags/es.png]
[pixinvent.com/apex-angular-4-bootstrap-admin-template/app-assets/img/flags/pt.png]
[pixinvent.com/apex-angular-4-bootstrap-admin-template/app-assets/img/flags/de.png]
[pixinvent.com/apex-angular-4-bootstrap-admin-template/app-assets/img/portrait/small/avatar-s-20.png]
[pixinvent.com/apex-angular-4-bootstrap-admin-template/app-assets/img/portrait/small/avatar-s-11.png]
[pixinvent.com/apex-angular-4-bootstrap-admin-template/app-assets/img/icons/sketch-mac-icon.png]
[pixinvent.com/apex-angular-4-bootstrap-admin-template/app-assets/img/portrait/small/avatar-s-6.png]
[pixinvent.com/apex-angular-4-bootstrap-admin-template/app-assets/img/portrait/small/avatar-s-7.png]
[pixinvent.com/apex-angular-4-bootstrap-admin-template/app-assets/img/portrait/small/avatar-s-1.png]
[pixinvent.com/apex-angular-4-bootstrap-admin-template/html-demo-1/app-chat.html]
[pixinvent.com/apex-angular-4-bootstrap-admin-template/html-demo-1/page-user-profile.html]
[pixinvent.com/apex-angular-4-bootstrap-admin-template/html-demo-1/app-email.html]
[pixinvent.com/apex-angular-4-bootstrap-admin-template/html-demo-1/auth-login.html]
[pixinvent.com/apex-angular-4-bootstrap-admin-template/html-demo-1/index.html]
[pixinvent.com/apex-angular-4-bootstrap-admin-template/app-assets/img/logo.png]
[pixinvent.com/apex-angular-4-bootstrap-admin-template/html-demo-1/dashboard1.html]
[pixinvent.com/apex-angular-4-bootstrap-admin-template/html-demo-1/app-taskboard.html]
[pixinvent.com/apex-angular-4-bootstrap-admin-template/html-demo-1/app-calendar.html]
[pixinvent.com/apex-angular-4-bootstrap-admin-template/html-demo-1/grids.html]
[pixinvent.com/apex-angular-4-bootstrap-admin-template/html-demo-1/typography.html]
[pixinvent.com/apex-angular-4-bootstrap-admin-template/html-demo-1/syntax-highlighter.html]
[pixinvent.com/apex-angular-4-bootstrap-admin-template/html-demo-1/helper-classes.html]
[pixinvent.com/apex-angular-4-bootstrap-admin-template/html-demo-1/text-utilities.html]
[pixinvent.com/apex-angular-4-bootstrap-admin-template/html-demo-1/color-palette.html]
[pixinvent.com/apex-angular-4-bootstrap-admin-template/html-demo-1/icons-feather.html]
[pixinvent.com/apex-angular-4-bootstrap-admin-template/html-demo-1/icons-font-awesome.html]
[pixinvent.com/apex-angular-4-bootstrap-admin-template/html-demo-1/icons-simple-line.html]
[pixinvent.com/apex-angular-4-bootstrap-admin-template/html-demo-1/components-buttons.html]
[pixinvent.com/apex-angular-4-bootstrap-admin-template/html-demo-1/components-alerts.html]
[pixinvent.com/apex-angular-4-bootstrap-admin-template/html-demo-1/components-badges.html]
[pixinvent.com/apex-angular-4-bootstrap-admin-template/html-demo-1/components-dropdowns.html]
[pixinvent.com/apex-angular-4-bootstrap-admin-template/html-demo-1/components-media-objects.html]
[pixinvent.com/apex-angular-4-bootstrap-admin-template/html-demo-1/components-pagination.html]
[pixinvent.com/apex-angular-4-bootstrap-admin-template/html-demo-1/components-progress.html]
[pixinvent.com/apex-angular-4-bootstrap-admin-template/html-demo-1/components-modals.html]
[pixinvent.com/apex-angular-4-bootstrap-admin-template/html-demo-1/components-collapse.html]
[pixinvent.com/apex-angular-4-bootstrap-admin-template/html-demo-1/components-lists.html]
[pixinvent.com/apex-angular-4-bootstrap-admin-template/html-demo-1/components-carousel.html]
[pixinvent.com/apex-angular-4-bootstrap-admin-template/html-demo-1/components-popover.html]
[pixinvent.com/apex-angular-4-bootstrap-admin-template/html-demo-1/components-tabs.html]
[pixinvent.com/apex-angular-4-bootstrap-admin-template/html-demo-1/components-tooltip.html]
[pixinvent.com/apex-angular-4-bootstrap-admin-template/html-demo-1/components-spinner.html]
[pixinvent.com/apex-angular-4-bootstrap-admin-template/html-demo-1/components-toast.html]
[pixinvent.com/apex-angular-4-bootstrap-admin-template/html-demo-1/ex-component-sweet-alerts.html]
[pixinvent.com/apex-angular-4-bootstrap-admin-template/html-demo-1/ex-component-toastr.html]
[pixinvent.com/apex-angular-4-bootstrap-admin-template/html-demo-1/ex-component-nouislider.html]
[pixinvent.com/apex-angular-4-bootstrap-admin-template/html-demo-1/ex-component-upload.html]
[pixinvent.com/apex-angular-4-bootstrap-admin-template/html-demo-1/ex-component-dragndrop.html]
[pixinvent.com/apex-angular-4-bootstrap-admin-template/html-demo-1/ex-component-tour.html]
[pixinvent.com/apex-angular-4-bootstrap-admin-template/html-demo-1/ex-component-media-player.html]
[pixinvent.com/apex-angular-4-bootstrap-admin-template/html-demo-1/ex-component-treeview.html]
[pixinvent.com/apex-angular-4-bootstrap-admin-template/html-demo-1/ex-component-swiper.html]
[pixinvent.com/apex-angular-4-bootstrap-admin-template/html-demo-1/ex-component-miscellaneous.html]
[pixinvent.com/apex-angular-4-bootstrap-admin-template/html-demo-1/ex-component-avatar.html]
[pixinvent.com/apex-angular-4-bootstrap-admin-template/html-demo-1/ex-component-image-cropper.html]
[pixinvent.com/apex-angular-4-bootstrap-admin-template/html-demo-1/form-inputs.html]
[pixinvent.com/apex-angular-4-bootstrap-admin-template/html-demo-1/form-input-groups.html]
[pixinvent.com/apex-angular-4-bootstrap-admin-template/html-demo-1/form-radio.html]
[pixinvent.com/apex-angular-4-bootstrap-admin-template/html-demo-1/form-checkbox.html]
[pixinvent.com/apex-angular-4-bootstrap-admin-template/html-demo-1/form-switch.html]
[pixinvent.com/apex-angular-4-bootstrap-admin-template/html-demo-1/form-select.html]
[pixinvent.com/apex-angular-4-bootstrap-admin-template/html-demo-1/form-editor.html]
[pixinvent.com/apex-angular-4-bootstrap-admin-template/html-demo-1/form-input-tags.html]
[pixinvent.com/apex-angular-4-bootstrap-admin-template/html-demo-1/form-datetimepicker.html]
[pixinvent.com/apex-angular-4-bootstrap-admin-template/html-demo-1/form-layout.html]
[pixinvent.com/apex-angular-4-bootstrap-admin-template/html-demo-1/form-validation.html]
[pixinvent.com/apex-angular-4-bootstrap-admin-template/html-demo-1/form-wizard.html]
[pixinvent.com/apex-angular-4-bootstrap-admin-template/html-demo-1/table-basic.html]
[pixinvent.com/apex-angular-4-bootstrap-admin-template/html-demo-1/table-extended.html]
[pixinvent.com/apex-angular-4-bootstrap-admin-template/html-demo-1/dt-basic-initialization.html]
[pixinvent.com/apex-angular-4-bootstrap-admin-template/html-demo-1/dt-advanced-initialization.html]
[pixinvent.com/apex-angular-4-bootstrap-admin-template/html-demo-1/dt-data-sources.html]
[pixinvent.com/apex-angular-4-bootstrap-admin-template/html-demo-1/dt-api.html]
[pixinvent.com/apex-angular-4-bootstrap-admin-template/html-demo-1/cards-basic.html]
[pixinvent.com/apex-angular-4-bootstrap-admin-template/html-demo-1/cards-advanced.html]
[pixinvent.com/apex-angular-4-bootstrap-admin-template/html-demo-1/map-leaflet.html]
[pixinvent.com/apex-angular-4-bootstrap-admin-template/html-demo-1/charts-apex.html]
[pixinvent.com/apex-angular-4-bootstrap-admin-template/html-demo-1/charts-chartjs.html]
[pixinvent.com/apex-angular-4-bootstrap-admin-template/html-demo-1/charts-chartist.html]
[pixinvent.com/apex-angular-4-bootstrap-admin-template/html-demo-1/auth-forgot-password.html]
[pixinvent.com/apex-angular-4-bootstrap-admin-template/html-demo-1/auth-register.html]
[pixinvent.com/apex-angular-4-bootstrap-admin-template/html-demo-1/auth-lock-screen.html]
[pixinvent.com/apex-angular-4-bootstrap-admin-template/html-demo-1/timeline-horizontal.html]
[pixinvent.com/apex-angular-4-bootstrap-admin-template/html-demo-1/timeline-vertical-center.html]
[pixinvent.com/apex-angular-4-bootstrap-admin-template/html-demo-1/timeline-vertical-left.html]
[pixinvent.com/apex-angular-4-bootstrap-admin-template/html-demo-1/timeline-vertical-right.html]
[pixinvent.com/apex-angular-4-bootstrap-admin-template/html-demo-1/page-users-list.html]
[pixinvent.com/apex-angular-4-bootstrap-admin-template/html-demo-1/page-users-view.html]
[pixinvent.com/apex-angular-4-bootstrap-admin-template/html-demo-1/page-users-edit.html]
[pixinvent.com/apex-angular-4-bootstrap-admin-template/html-demo-1/page-account-settings.html]
[pixinvent.com/apex-angular-4-bootstrap-admin-template/html-demo-1/page-invoice.html]
[pixinvent.com/apex-angular-4-bootstrap-admin-template/html-demo-1/page-error.html]
[pixinvent.com/apex-angular-4-bootstrap-admin-template/html-demo-1/page-coming-soon.html]
[pixinvent.com/apex-angular-4-bootstrap-admin-template/html-demo-1/page-maintenance.html]
[pixinvent.com/apex-angular-4-bootstrap-admin-template/html-demo-1/page-gallery.html]
[pixinvent.com/apex-angular-4-bootstrap-admin-template/html-demo-1/page-search.html]
[pixinvent.com/apex-angular-4-bootstrap-admin-template/html-demo-1/page-faq.html]
[pixinvent.com/apex-angular-4-bootstrap-admin-template/html-demo-1/page-knowledge-base.html]
[pixinvent.com/apex-angular-4-bootstrap-admin-template/app-assets/img/portrait/small/avatar-s-15.png]
[pixinvent.com/apex-angular-4-bootstrap-admin-template/app-assets/img/portrait/small/avatar-s-16.png]
[pixinvent.com/apex-angular-4-bootstrap-admin-template/app-assets/img/portrait/small/avatar-s-25.png]
[pixinvent.com/apex-angular-4-bootstrap-admin-template/app-assets/img/portrait/small/avatar-s-5.png]
[pixinvent.com/apex-angular-4-bootstrap-admin-template/app-assets/img/photos/sunny-weather.jpg]
[pixinvent.com/apex-angular-4-bootstrap-admin-template/app-assets/img/photos/17.jpg]
[pixinvent.com/apex-angular-4-bootstrap-admin-template/app-assets/img/photos/13.jpg]
[pixinvent.com/apex-angular-4-bootstrap-admin-template/app-assets/img/photos/12.jpg]
[pixinvent.com/apex-angular-4-bootstrap-admin-template/app-assets/img/portrait/small/avatar-s-13.png]
[pixinvent.com/apex-angular-4-bootstrap-admin-template/app-assets/img/elements/11.png]
[pixinvent.com/apex-angular-4-bootstrap-admin-template/app-assets/img/elements/14.png]
[pixinvent.com/apex-angular-4-bootstrap-admin-template/app-assets/img/elements/15.png]
[pixinvent.com/apex-angular-4-bootstrap-admin-template/app-assets/img/portrait/small/avatar-s-26.png]
[pixinvent.com/apex-angular-4-bootstrap-admin-template/app-assets/img/icons/pdf.png]
[pixinvent.com/apex-angular-4-bootstrap-admin-template/app-assets/img/portrait/small/avatar-s-23.png]
[pixinvent.com/apex-angular-4-bootstrap-admin-template/app-assets/img/sidebar-bg/01.jpg]
[pixinvent.com/apex-angular-4-bootstrap-admin-template/app-assets/img/sidebar-bg/02.jpg]
[pixinvent.com/apex-angular-4-bootstrap-admin-template/app-assets/img/sidebar-bg/03.jpg]
[pixinvent.com/apex-angular-4-bootstrap-admin-template/app-assets/img/sidebar-bg/04.jpg]
[pixinvent.com/apex-angular-4-bootstrap-admin-template/app-assets/img/sidebar-bg/05.jpg]
[pixinvent.com/apex-angular-4-bootstrap-admin-template/app-assets/img/sidebar-bg/06.jpg]
[pixinvent.com/apex-angular-4-bootstrap-admin-template/app-assets/vendors/js/vendors.min.js]
[pixinvent.com/apex-angular-4-bootstrap-admin-template/app-assets/vendors/js/switchery.min.js]
[pixinvent.com/apex-angular-4-bootstrap-admin-template/app-assets/vendors/js/chartist.min.js]
[pixinvent.com/apex-angular-4-bootstrap-admin-template/app-assets/js/core/app-menu.min.js]
[pixinvent.com/apex-angular-4-bootstrap-admin-template/app-assets/vendors/js/apexcharts.min.js]
[pixinvent.com/apex-angular-4-bootstrap-admin-template/app-assets/js/core/app.min.js]
[pixinvent.com/apex-angular-4-bootstrap-admin-template/app-assets/js/notification-sidebar.min.js]
[pixinvent.com/apex-angular-4-bootstrap-admin-template/app-assets/js/customizer.min.js]
[pixinvent.com/apex-angular-4-bootstrap-admin-template/app-assets/js/scroll-top.min.js]
[pixinvent.com/apex-angular-4-bootstrap-admin-template/app-assets/js/dashboard2.min.js]
[pixinvent.com/apex-angular-4-bootstrap-admin-template/html-demo-1/dashboard2.html]
[pixinvent.com/apex-angular-4-bootstrap-admin-template/assets/js/scripts.js]
[pixinvent.com/apex-angular-4-bootstrap-admin-template/app-assets/fonts/feather/fonts/feathere8ab.woff]
[pixinvent.com/apex-angular-4-bootstrap-admin-template/app-assets/fonts/feather/style.min.css]
[pixinvent.com/apex-angular-4-bootstrap-admin-template/app-assets/fonts/simple-line-icons/fonts/Simple-Line-Icons.eot]
[pixinvent.com/apex-angular-4-bootstrap-admin-template/app-assets/fonts/simple-line-icons/style.min.css]
[pixinvent.com/apex-angular-4-bootstrap-admin-template/app-assets/fonts/font-awesome/css/font-awesome.min.css]
[pixinvent.com/apex-angular-4-bootstrap-admin-template/app-assets/vendors/css/perfect-scrollbar.min.css]
[pixinvent.com/apex-angular-4-bootstrap-admin-template/app-assets/vendors/css/prism.min.css]
[pixinvent.com/apex-angular-4-bootstrap-admin-template/app-assets/vendors/css/switchery.min.css]
[pixinvent.com/apex-angular-4-bootstrap-admin-template/app-assets/vendors/css/chartist.min.css]
[pixinvent.com/apex-angular-4-bootstrap-admin-template/app-assets/css/bootstrap.min.css]
[pixinvent.com/apex-angular-4-bootstrap-admin-template/app-assets/css/bootstrap-extended.min.css]
[pixinvent.com/apex-angular-4-bootstrap-admin-template/app-assets/css/colors.min.css]
[pixinvent.com/apex-angular-4-bootstrap-admin-template/app-assets/fonts/simple-line-icons/fonts/Simple-Line-Iconsd41d.eot]
[pixinvent.com/apex-angular-4-bootstrap-admin-template/app-assets/img/datatables/details_open.png]
[pixinvent.com/apex-angular-4-bootstrap-admin-template/app-assets/img/datatables/details_close.png]
[pixinvent.com/apex-angular-4-bootstrap-admin-template/app-assets/css/components.min.css]
[pixinvent.com/apex-angular-4-bootstrap-admin-template/app-assets/css/themes/layout-dark.min.css]
[pixinvent.com/apex-angular-4-bootstrap-admin-template/app-assets/css/plugins/switchery.min.css]
[pixinvent.com/apex-angular-4-bootstrap-admin-template/app-assets/css/pages/dashboard2.min.css]
[pixinvent.com/apex-angular-4-bootstrap-admin-template/app-assets/fonts/weathericons/css/weather-icons.min.css]
[pixinvent.com/apex-angular-4-bootstrap-admin-template/app-assets/fonts/weathericons/css/weather-icons-wind.min.css]
[pixinvent.com/apex-angular-4-bootstrap-admin-template/assets/css/style.css]
[pixinvent.com/apex-angular-4-bootstrap-admin-template/app-assets/css/pages/app-chat.min.css]
[pixinvent.com/apex-angular-4-bootstrap-admin-template/app-assets/img/portrait/small/avatar-s-2.png]
[pixinvent.com/apex-angular-4-bootstrap-admin-template/app-assets/img/portrait/small/avatar-s-8.png]
[pixinvent.com/apex-angular-4-bootstrap-admin-template/app-assets/img/portrait/small/avatar-s-9.png]
[pixinvent.com/apex-angular-4-bootstrap-admin-template/app-assets/img/portrait/small/avatar-s-4.png]
[pixinvent.com/apex-angular-4-bootstrap-admin-template/app-assets/img/portrait/small/avatar-s-14.png]
[pixinvent.com/apex-angular-4-bootstrap-admin-template/html-demo-1/app-chat.html]
[pixinvent.com/apex-angular-4-bootstrap-admin-template/app-assets/js/app-chat.min.js]
[pixinvent.com/apex-angular-4-bootstrap-admin-template/app-assets/vendors/css/swiper.min.css]
[pixinvent.com/apex-angular-4-bootstrap-admin-template/app-assets/css/pages/page-user-profile.min.css]
[pixinvent.com/apex-angular-4-bootstrap-admin-template/app-assets/img/banner/profile-image.jpg]
[pixinvent.com/apex-angular-4-bootstrap-admin-template/app-assets/img/portrait/small/avatar-s-10.png]
[pixinvent.com/apex-angular-4-bootstrap-admin-template/app-assets/img/portrait/small/avatar-s-24.png]
[pixinvent.com/apex-angular-4-bootstrap-admin-template/app-assets/img/portrait/small/avatar-s-19.png]
[pixinvent.com/apex-angular-4-bootstrap-admin-template/app-assets/img/banner/banner-15.jpg]
[pixinvent.com/apex-angular-4-bootstrap-admin-template/app-assets/img/profile/profile-portrait-1.jpg]
[pixinvent.com/apex-angular-4-bootstrap-admin-template/app-assets/img/profile/profile-portrait-2.jpg]
[pixinvent.com/apex-angular-4-bootstrap-admin-template/app-assets/img/profile/profile-portrait-3.jpg]
[pixinvent.com/apex-angular-4-bootstrap-admin-template/app-assets/img/profile/profile-portrait-6.jpg]
[pixinvent.com/apex-angular-4-bootstrap-admin-template/app-assets/img/profile/profile-portrait-7.jpg]
[pixinvent.com/apex-angular-4-bootstrap-admin-template/app-assets/img/profile/profile-portrait-8.jpg]
[pixinvent.com/apex-angular-4-bootstrap-admin-template/app-assets/img/profile/profile-portrait-9.jpg]
[pixinvent.com/apex-angular-4-bootstrap-admin-template/app-assets/img/banner/banner-28.jpg]
[pixinvent.com/apex-angular-4-bootstrap-admin-template/app-assets/img/banner/banner-24.jpg]
[pixinvent.com/apex-angular-4-bootstrap-admin-template/app-assets/img/banner/banner-34.jpg]
[pixinvent.com/apex-angular-4-bootstrap-admin-template/app-assets/img/banner/banner-21.jpg]
[pixinvent.com/apex-angular-4-bootstrap-admin-template/app-assets/img/portrait/small/avatar-s-12.png]
[pixinvent.com/apex-angular-4-bootstrap-admin-template/app-assets/img/portrait/small/avatar-s-18.png]
[pixinvent.com/apex-angular-4-bootstrap-admin-template/app-assets/vendors/js/swiper.min.js]
[pixinvent.com/apex-angular-4-bootstrap-admin-template/app-assets/js/page-user-profile.min.js]
[pixinvent.com/apex-angular-4-bootstrap-admin-template/html-demo-1/page-user-profile.html]
[pixinvent.com/apex-angular-4-bootstrap-admin-template/app-assets/vendors/css/katex.min.css]
[pixinvent.com/apex-angular-4-bootstrap-admin-template/app-assets/vendors/css/monokai-sublime.min.css]
[pixinvent.com/apex-angular-4-bootstrap-admin-template/app-assets/vendors/css/quill.snow.css]
[pixinvent.com/apex-angular-4-bootstrap-admin-template/app-assets/vendors/css/quill.bubble.css]
[pixinvent.com/apex-angular-4-bootstrap-admin-template/app-assets/css/pages/app-email.min.css]
[pixinvent.com/apex-angular-4-bootstrap-admin-template/app-assets/vendors/js/katex.min.js]
[pixinvent.com/apex-angular-4-bootstrap-admin-template/app-assets/vendors/js/highlight.min.js]
[pixinvent.com/apex-angular-4-bootstrap-admin-template/app-assets/vendors/js/quill.min.js]
[pixinvent.com/apex-angular-4-bootstrap-admin-template/html-demo-1/app-email.html]
[pixinvent.com/apex-angular-4-bootstrap-admin-template/app-assets/js/app-email.min.js]
[pixinvent.com/apex-angular-4-bootstrap-admin-template/app-assets/css/pages/authentication.css]
[pixinvent.com/apex-angular-4-bootstrap-admin-template/app-assets/img/gallery/login.png]
[pixinvent.com/apex-angular-4-bootstrap-admin-template/html-demo-1/auth-login.html]
[pixinvent.com/apex-angular-4-bootstrap-admin-template/app-assets/css/pages/dashboard1.min.css]
[pixinvent.com/apex-angular-4-bootstrap-admin-template/app-assets/img/elements/01.png]
[pixinvent.com/apex-angular-4-bootstrap-admin-template/app-assets/img/portrait/small/avatar-s-3.png]
[pixinvent.com/apex-angular-4-bootstrap-admin-template/app-assets/img/portrait/small/avatar-s-22.png]
[pixinvent.com/apex-angular-4-bootstrap-admin-template/app-assets/img/portrait/small/avatar-s-21.png]
[pixinvent.com/apex-angular-4-bootstrap-admin-template/html-demo-1/index.html]
[pixinvent.com/apex-angular-4-bootstrap-admin-template/html-demo-1/dashboard1.html]
[pixinvent.com/apex-angular-4-bootstrap-admin-template/app-assets/js/dashboard1.min.js]
[pixinvent.com/apex-angular-4-bootstrap-admin-template/app-assets/vendors/css/dragula.min.css]
[pixinvent.com/apex-angular-4-bootstrap-admin-template/app-assets/css/pages/app-taskboard.min.css]
[pixinvent.com/apex-angular-4-bootstrap-admin-template/app-assets/img/banner/banner-10.jpg]
[pixinvent.com/apex-angular-4-bootstrap-admin-template/app-assets/img/portrait/small/avatar-s-17.png]
[pixinvent.com/apex-angular-4-bootstrap-admin-template/app-assets/img/banner/banner-22.jpg]
[pixinvent.com/apex-angular-4-bootstrap-admin-template/app-assets/vendors/js/dragula.min.js]
[pixinvent.com/apex-angular-4-bootstrap-admin-template/html-demo-1/app-taskboard.html]
[pixinvent.com/apex-angular-4-bootstrap-admin-template/app-assets/js/app-taskboard.min.js]
[pixinvent.com/apex-angular-4-bootstrap-admin-template/app-assets/vendors/css/fullcalendar.min.css]
[pixinvent.com/apex-angular-4-bootstrap-admin-template/app-assets/vendors/css/daygrid.min.css]
[pixinvent.com/apex-angular-4-bootstrap-admin-template/app-assets/vendors/css/timegrid.min.css]
[pixinvent.com/apex-angular-4-bootstrap-admin-template/app-assets/css/pages/app-calendar.min.css]
[pixinvent.com/apex-angular-4-bootstrap-admin-template/app-assets/vendors/js/moment.min.js]
[pixinvent.com/apex-angular-4-bootstrap-admin-template/app-assets/vendors/js/fullcalendar.min.js]
[pixinvent.com/apex-angular-4-bootstrap-admin-template/app-assets/vendors/js/daygrid.min.js]
[pixinvent.com/apex-angular-4-bootstrap-admin-template/app-assets/vendors/js/timegrid.min.js]
[pixinvent.com/apex-angular-4-bootstrap-admin-template/app-assets/vendors/js/interactions.min.js]
[pixinvent.com/apex-angular-4-bootstrap-admin-template/html-demo-1/app-calendar.html]
[pixinvent.com/apex-angular-4-bootstrap-admin-template/html-demo-1/grids.html]
[pixinvent.com/apex-angular-4-bootstrap-admin-template/html-demo-1/typography.html]
[pixinvent.com/apex-angular-4-bootstrap-admin-template/html-demo-1/syntax-highlighter.html]
[pixinvent.com/apex-angular-4-bootstrap-admin-template/app-assets/vendors/js/jquery-ui.min.js]
[pixinvent.com/apex-angular-4-bootstrap-admin-template/app-assets/js/app-calendar.min.js]
[pixinvent.com/apex-angular-4-bootstrap-admin-template/html-demo-1/helper-classes.html]
[pixinvent.com/apex-angular-4-bootstrap-admin-template/html-demo-1/text-utilities.html]
[pixinvent.com/apex-angular-4-bootstrap-admin-template/html-demo-1/color-palette.html]
[pixinvent.com/apex-angular-4-bootstrap-admin-template/html-demo-1/icons-feather.html]
[pixinvent.com/apex-angular-4-bootstrap-admin-template/html-demo-1/icons-font-awesome.html]
[pixinvent.com/apex-angular-4-bootstrap-admin-template/html-demo-1/icons-simple-line.html]
[pixinvent.com/apex-angular-4-bootstrap-admin-template/html-demo-1/components-buttons.html]
[pixinvent.com/apex-angular-4-bootstrap-admin-template/html-demo-1/components-alerts.html]
[pixinvent.com/apex-angular-4-bootstrap-admin-template/html-demo-1/components-badges.html]
[pixinvent.com/apex-angular-4-bootstrap-admin-template/html-demo-1/components-dropdowns.html]
[pixinvent.com/apex-angular-4-bootstrap-admin-template/html-demo-1/components-media-objects.html]
[pixinvent.com/apex-angular-4-bootstrap-admin-template/html-demo-1/components-pagination.html]
[pixinvent.com/apex-angular-4-bootstrap-admin-template/html-demo-1/components-progress.html]
[pixinvent.com/apex-angular-4-bootstrap-admin-template/html-demo-1/components-modals.html]
[pixinvent.com/apex-angular-4-bootstrap-admin-template/html-demo-1/components-collapse.html]
[pixinvent.com/apex-angular-4-bootstrap-admin-template/html-demo-1/components-lists.html]
[pixinvent.com/apex-angular-4-bootstrap-admin-template/app-assets/js/components-modal.min.js]
[pixinvent.com/apex-angular-4-bootstrap-admin-template/app-assets/img/slider/01.jpg]
[pixinvent.com/apex-angular-4-bootstrap-admin-template/app-assets/img/slider/02.jpg]
[pixinvent.com/apex-angular-4-bootstrap-admin-template/app-assets/img/slider/03.jpg]
[pixinvent.com/apex-angular-4-bootstrap-admin-template/app-assets/img/slider/04.jpg]
[pixinvent.com/apex-angular-4-bootstrap-admin-template/app-assets/img/slider/05.jpg]
[pixinvent.com/apex-angular-4-bootstrap-admin-template/app-assets/img/slider/06.jpg]
[pixinvent.com/apex-angular-4-bootstrap-admin-template/html-demo-1/components-carousel.html]
[pixinvent.com/apex-angular-4-bootstrap-admin-template/html-demo-1/components-popover.html]
[pixinvent.com/apex-angular-4-bootstrap-admin-template/html-demo-1/components-tabs.html]
[pixinvent.com/apex-angular-4-bootstrap-admin-template/app-assets/js/components-popover.min.js]
[pixinvent.com/apex-angular-4-bootstrap-admin-template/html-demo-1/components-tooltip.html]
[pixinvent.com/apex-angular-4-bootstrap-admin-template/html-demo-1/components-spinner.html]
[pixinvent.com/apex-angular-4-bootstrap-admin-template/app-assets/js/components-tooltip.min.js]
[pixinvent.com/apex-angular-4-bootstrap-admin-template/app-assets/js/components-toast.min.js]
[pixinvent.com/apex-angular-4-bootstrap-admin-template/html-demo-1/components-toast.html]
[pixinvent.com/apex-angular-4-bootstrap-admin-template/app-assets/vendors/css/sweetalert2.min.css]
[pixinvent.com/apex-angular-4-bootstrap-admin-template/app-assets/vendors/css/animate.min.css]
[pixinvent.com/apex-angular-4-bootstrap-admin-template/app-assets/css/pages/ex-component-sweet-alerts.min.css]
[pixinvent.com/apex-angular-4-bootstrap-admin-template/app-assets/vendors/js/sweetalert2.all.min.js]
[pixinvent.com/apex-angular-4-bootstrap-admin-template/html-demo-1/ex-component-sweet-alerts.html]
[pixinvent.com/apex-angular-4-bootstrap-admin-template/app-assets/js/ex-component-sweet-alerts.min.js]
[pixinvent.com/apex-angular-4-bootstrap-admin-template/app-assets/vendors/css/toastr.css]
[pixinvent.com/apex-angular-4-bootstrap-admin-template/app-assets/css/pages/ex-component-toastr.min.css]
[pixinvent.com/apex-angular-4-bootstrap-admin-template/app-assets/vendors/js/toastr.min.js]
[pixinvent.com/apex-angular-4-bootstrap-admin-template/html-demo-1/ex-component-toastr.html]
[pixinvent.com/apex-angular-4-bootstrap-admin-template/app-assets/js/ex-component-toastr.min.js]
[pixinvent.com/apex-angular-4-bootstrap-admin-template/app-assets/vendors/css/nouislider.min.css]
[pixinvent.com/apex-angular-4-bootstrap-admin-template/app-assets/css/pages/ex-component-nouislider.min.css]
[pixinvent.com/apex-angular-4-bootstrap-admin-template/app-assets/vendors/js/wNumb.js]
[pixinvent.com/apex-angular-4-bootstrap-admin-template/app-assets/vendors/js/nouislider.min.js]
[pixinvent.com/apex-angular-4-bootstrap-admin-template/html-demo-1/ex-component-nouislider.html]
[pixinvent.com/apex-angular-4-bootstrap-admin-template/app-assets/js/ex-component-nouislider.min.js]
[pixinvent.com/apex-angular-4-bootstrap-admin-template/app-assets/vendors/css/dropzone.min.css]
[pixinvent.com/apex-angular-4-bootstrap-admin-template/app-assets/css/plugins/ex-component-upload.min.css]
[pixinvent.com/apex-angular-4-bootstrap-admin-template/app-assets/vendors/js/dropzone.min.js]
[pixinvent.com/apex-angular-4-bootstrap-admin-template/html-demo-1/ex-component-upload.html]
[pixinvent.com/apex-angular-4-bootstrap-admin-template/app-assets/js/ex-component-upload.min.js]
[pixinvent.com/apex-angular-4-bootstrap-admin-template/app-assets/css/pages/ex-component-dragndrop.min.css]
[pixinvent.com/apex-angular-4-bootstrap-admin-template/html-demo-1/ex-component-dragndrop.html]
[pixinvent.com/apex-angular-4-bootstrap-admin-template/app-assets/js/ex-component-dragndrop.min.js]
[pixinvent.com/apex-angular-4-bootstrap-admin-template/app-assets/vendors/css/shepherd.min.css]
[pixinvent.com/apex-angular-4-bootstrap-admin-template/app-assets/css/plugins/ex-component-tour.min.css]
[pixinvent.com/apex-angular-4-bootstrap-admin-template/app-assets/vendors/js/shepherd.min.js]
[pixinvent.com/apex-angular-4-bootstrap-admin-template/html-demo-1/ex-component-tour.html]
[pixinvent.com/apex-angular-4-bootstrap-admin-template/app-assets/js/ex-component-tour.min.js]
[pixinvent.com/apex-angular-4-bootstrap-admin-template/app-assets/vendors/css/plyr.css]
[pixinvent.com/apex-angular-4-bootstrap-admin-template/app-assets/vendors/js/plyr.min.js]
[pixinvent.com/apex-angular-4-bootstrap-admin-template/app-assets/js/ex-component-media-player.min.js]
[pixinvent.com/apex-angular-4-bootstrap-admin-template/html-demo-1/ex-component-media-player.html]
[pixinvent.com/apex-angular-4-bootstrap-admin-template/app-assets/css/pages/ex-component-treeview.min.css]
[pixinvent.com/apex-angular-4-bootstrap-admin-template/app-assets/vendors/js/bootstrap-treeview.min.js]
[pixinvent.com/apex-angular-4-bootstrap-admin-template/html-demo-1/ex-component-treeview.html]
[pixinvent.com/apex-angular-4-bootstrap-admin-template/app-assets/js/ex-component-treeview.min.js]
[pixinvent.com/apex-angular-4-bootstrap-admin-template/app-assets/css/pages/ex-component-swiper.min.css]
[pixinvent.com/apex-angular-4-bootstrap-admin-template/app-assets/img/banner/banner-1.jpg]
[pixinvent.com/apex-angular-4-bootstrap-admin-template/app-assets/img/banner/banner-2.jpg]
[pixinvent.com/apex-angular-4-bootstrap-admin-template/app-assets/img/banner/banner-4.jpg]
[pixinvent.com/apex-angular-4-bootstrap-admin-template/app-assets/img/banner/banner-13.jpg]
[pixinvent.com/apex-angular-4-bootstrap-admin-template/app-assets/img/banner/banner-7.jpg]
[pixinvent.com/apex-angular-4-bootstrap-admin-template/app-assets/img/banner/banner-14.jpg]
[pixinvent.com/apex-angular-4-bootstrap-admin-template/app-assets/img/banner/banner-3.jpg]
[pixinvent.com/apex-angular-4-bootstrap-admin-template/app-assets/img/banner/banner-12.jpg]
[pixinvent.com/apex-angular-4-bootstrap-admin-template/app-assets/img/banner/banner-9.jpg]
[pixinvent.com/apex-angular-4-bootstrap-admin-template/app-assets/img/banner/banner-8.jpg]
[pixinvent.com/apex-angular-4-bootstrap-admin-template/app-assets/img/banner/banner-20.jpg]
[pixinvent.com/apex-angular-4-bootstrap-admin-template/app-assets/img/banner/banner-5.jpg]
[pixinvent.com/apex-angular-4-bootstrap-admin-template/app-assets/img/banner/banner-31.jpg]
[pixinvent.com/apex-angular-4-bootstrap-admin-template/app-assets/img/banner/banner-32.jpg]
[pixinvent.com/apex-angular-4-bootstrap-admin-template/app-assets/img/banner/banner-33.jpg]
[pixinvent.com/apex-angular-4-bootstrap-admin-template/app-assets/img/banner/banner-35.jpg]
[pixinvent.com/apex-angular-4-bootstrap-admin-template/app-assets/img/banner/banner-19.jpg]
[pixinvent.com/apex-angular-4-bootstrap-admin-template/app-assets/img/banner/banner-18.jpg]
[pixinvent.com/apex-angular-4-bootstrap-admin-template/app-assets/img/banner/banner-17.jpg]
[pixinvent.com/apex-angular-4-bootstrap-admin-template/app-assets/img/banner/banner-16.jpg]
[pixinvent.com/apex-angular-4-bootstrap-admin-template/app-assets/img/banner/banner-23.jpg]
[pixinvent.com/apex-angular-4-bootstrap-admin-template/app-assets/img/banner/banner-39.jpg]
[pixinvent.com/apex-angular-4-bootstrap-admin-template/app-assets/img/banner/banner-38.jpg]
[pixinvent.com/apex-angular-4-bootstrap-admin-template/app-assets/img/banner/banner-37.jpg]
[pixinvent.com/apex-angular-4-bootstrap-admin-template/app-assets/img/banner/banner-36.jpg]
[pixinvent.com/apex-angular-4-bootstrap-admin-template/app-assets/img/banner/banner-11.jpg]
[pixinvent.com/apex-angular-4-bootstrap-admin-template/app-assets/img/banner/parallax-4.jpg]
[pixinvent.com/apex-angular-4-bootstrap-admin-template/app-assets/img/banner/banner-30.jpg]
[pixinvent.com/apex-angular-4-bootstrap-admin-template/html-demo-1/ex-component-swiper.html]
[pixinvent.com/apex-angular-4-bootstrap-admin-template/app-assets/js/ex-component-swiper.min.js]
[pixinvent.com/apex-angular-4-bootstrap-admin-template/app-assets/vendors/css/jquery.contextMenu.min.css]
[pixinvent.com/apex-angular-4-bootstrap-admin-template/app-assets/css/pages/ex-component-miscellaneous.min.css]
[pixinvent.com/apex-angular-4-bootstrap-admin-template/app-assets/vendors/js/jquery.contextMenu.min.js]
[pixinvent.com/apex-angular-4-bootstrap-admin-template/app-assets/vendors/js/idle-timer.1.1.0.min.js]
[pixinvent.com/apex-angular-4-bootstrap-admin-template/app-assets/vendors/js/numeral.min.js]
[pixinvent.com/apex-angular-4-bootstrap-admin-template/app-assets/vendors/js/locales.min.js]
[pixinvent.com/apex-angular-4-bootstrap-admin-template/html-demo-1/ex-component-miscellaneous.html]
[pixinvent.com/apex-angular-4-bootstrap-admin-template/html-demo-1/ex-component-avatar.html]
[pixinvent.com/apex-angular-4-bootstrap-admin-template/app-assets/js/ex-component-miscellaneous.min.js]
[pixinvent.com/apex-angular-4-bootstrap-admin-template/app-assets/css/plugins/cropper/ex-component-image-cropper.min.css]
[pixinvent.com/apex-angular-4-bootstrap-admin-template/app-assets/img/crop-pic.jpg]
[pixinvent.com/apex-angular-4-bootstrap-admin-template/app-assets/img/gallery/1.jpg]
[pixinvent.com/apex-angular-4-bootstrap-admin-template/app-assets/img/gallery/5.jpg]
[pixinvent.com/apex-angular-4-bootstrap-admin-template/app-assets/img/gallery/15.jpg]
[pixinvent.com/apex-angular-4-bootstrap-admin-template/app-assets/img/gallery/14.jpg]
[pixinvent.com/apex-angular-4-bootstrap-admin-template/app-assets/img/gallery/3.jpg]
[pixinvent.com/apex-angular-4-bootstrap-admin-template/app-assets/img/gallery/33.jpg]
[pixinvent.com/apex-angular-4-bootstrap-admin-template/app-assets/img/gallery/7.jpg]
[pixinvent.com/apex-angular-4-bootstrap-admin-template/app-assets/img/gallery/28.jpg]
[pixinvent.com/apex-angular-4-bootstrap-admin-template/app-assets/img/gallery/17.jpg]
[pixinvent.com/apex-angular-4-bootstrap-admin-template/app-assets/img/gallery/21.jpg]
[pixinvent.com/apex-angular-4-bootstrap-admin-template/app-assets/img/gallery/27.jpg]
[pixinvent.com/apex-angular-4-bootstrap-admin-template/app-assets/img/gallery/29.jpg]
[pixinvent.com/apex-angular-4-bootstrap-admin-template/app-assets/vendors/js/cropper.min.js]
[pixinvent.com/apex-angular-4-bootstrap-admin-template/html-demo-1/ex-component-image-cropper.html]
[pixinvent.com/apex-angular-4-bootstrap-admin-template/app-assets/js/ex-component-image-cropper.min.js]
[pixinvent.com/apex-angular-4-bootstrap-admin-template/html-demo-1/form-inputs.html]
[pixinvent.com/apex-angular-4-bootstrap-admin-template/html-demo-1/form-input-groups.html]
[pixinvent.com/apex-angular-4-bootstrap-admin-template/html-demo-1/form-radio.html]
[pixinvent.com/apex-angular-4-bootstrap-admin-template/html-demo-1/form-checkbox.html]
[pixinvent.com/apex-angular-4-bootstrap-admin-template/html-demo-1/form-switch.html]
[pixinvent.com/apex-angular-4-bootstrap-admin-template/app-assets/js/form-inputs.min.js]
[pixinvent.com/apex-angular-4-bootstrap-admin-template/app-assets/vendors/css/select2.min.css]
[pixinvent.com/apex-angular-4-bootstrap-admin-template/app-assets/vendors/js/select2.full.min.js]
[pixinvent.com/apex-angular-4-bootstrap-admin-template/html-demo-1/form-select.html]
[pixinvent.com/apex-angular-4-bootstrap-admin-template/app-assets/js/select2.min.js]
[pixinvent.com/apex-angular-4-bootstrap-admin-template/html-demo-1/form-editor.html]
[pixinvent.com/apex-angular-4-bootstrap-admin-template/app-assets/js/form-editor.min.js]
[pixinvent.com/apex-angular-4-bootstrap-admin-template/app-assets/vendors/css/tagging.css]
[pixinvent.com/apex-angular-4-bootstrap-admin-template/app-assets/vendors/js/tagging.min.js]
[pixinvent.com/apex-angular-4-bootstrap-admin-template/html-demo-1/form-input-tags.html]
[pixinvent.com/apex-angular-4-bootstrap-admin-template/app-assets/js/form-input-tags.min.js]
[pixinvent.com/apex-angular-4-bootstrap-admin-template/app-assets/vendors/css/pickadate/pickadate.css]
[pixinvent.com/apex-angular-4-bootstrap-admin-template/app-assets/vendors/js/pickadate/picker.js]
[pixinvent.com/apex-angular-4-bootstrap-admin-template/app-assets/vendors/js/pickadate/picker.date.js]
[pixinvent.com/apex-angular-4-bootstrap-admin-template/app-assets/vendors/js/pickadate/picker.time.js]
[pixinvent.com/apex-angular-4-bootstrap-admin-template/app-assets/vendors/js/pickadate/legacy.js]
[pixinvent.com/apex-angular-4-bootstrap-admin-template/html-demo-1/form-datetimepicker.html]
[pixinvent.com/apex-angular-4-bootstrap-admin-template/app-assets/js/form-datetimepicker.min.js]
[pixinvent.com/apex-angular-4-bootstrap-admin-template/app-assets/js/datetime-picker.min.js]
[pixinvent.com/apex-angular-4-bootstrap-admin-template/html-demo-1/form-layout.html]
[pixinvent.com/apex-angular-4-bootstrap-admin-template/app-assets/css/plugins/form-validation.css]
[pixinvent.com/apex-angular-4-bootstrap-admin-template/app-assets/vendors/js/jqBootstrapValidation.js]
[pixinvent.com/apex-angular-4-bootstrap-admin-template/html-demo-1/form-validation.html]
[pixinvent.com/apex-angular-4-bootstrap-admin-template/app-assets/js/form-validation.js]
[pixinvent.com/apex-angular-4-bootstrap-admin-template/app-assets/css/pages/form-wizard.min.css]
[pixinvent.com/apex-angular-4-bootstrap-admin-template/app-assets/vendors/js/jquery.steps.min.js]
[pixinvent.com/apex-angular-4-bootstrap-admin-template/html-demo-1/form-wizard.html]
[pixinvent.com/apex-angular-4-bootstrap-admin-template/html-demo-1/table-basic.html]
[pixinvent.com/apex-angular-4-bootstrap-admin-template/app-assets/js/form-wizard.min.js]
[pixinvent.com/apex-angular-4-bootstrap-admin-template/app-assets/img/elements/07.png]
[pixinvent.com/apex-angular-4-bootstrap-admin-template/html-demo-1/table-extended.html]
[pixinvent.com/apex-angular-4-bootstrap-admin-template/app-assets/vendors/css/datatables/dataTables.bootstrap4.min.css]
[pixinvent.com/apex-angular-4-bootstrap-admin-template/app-assets/vendors/js/datatable/jquery.dataTables.min.js]
[pixinvent.com/apex-angular-4-bootstrap-admin-template/app-assets/vendors/js/datatable/dataTables.bootstrap4.min.js]
[pixinvent.com/apex-angular-4-bootstrap-admin-template/html-demo-1/dt-basic-initialization.html]
[pixinvent.com/apex-angular-4-bootstrap-admin-template/app-assets/js/data-tables/dt-basic-initialization.js]
[pixinvent.com/apex-angular-4-bootstrap-admin-template/app-assets/vendors/js/datatable/dataTables.buttons.min.js]
[pixinvent.com/apex-angular-4-bootstrap-admin-template/app-assets/vendors/js/datatable/buttons.html5.min.js]
[pixinvent.com/apex-angular-4-bootstrap-admin-template/app-assets/vendors/js/datatable/buttons.print.min.js]
[pixinvent.com/apex-angular-4-bootstrap-admin-template/app-assets/vendors/js/datatable/jszip.min.js]
[pixinvent.com/apex-angular-4-bootstrap-admin-template/html-demo-1/dt-advanced-initialization.html]
[pixinvent.com/apex-angular-4-bootstrap-admin-template/app-assets/js/data-tables/dt-advanced-initialization.js]
[pixinvent.com/apex-angular-4-bootstrap-admin-template/app-assets/vendors/js/datatable/pdfmake.min.js]
[pixinvent.com/apex-angular-4-bootstrap-admin-template/html-demo-1/dt-data-sources.html]
[pixinvent.com/apex-angular-4-bootstrap-admin-template/app-assets/js/data-tables/dt-data-sources.min.js]
[pixinvent.com/apex-angular-4-bootstrap-admin-template/html-demo-1/dt-api.html]
[pixinvent.com/apex-angular-4-bootstrap-admin-template/app-assets/js/data-tables/dt-api.js]
[pixinvent.com/apex-angular-4-bootstrap-admin-template/app-assets/img/photos/06.jpg]
[pixinvent.com/apex-angular-4-bootstrap-admin-template/app-assets/img/photos/08.jpg]
[pixinvent.com/apex-angular-4-bootstrap-admin-template/app-assets/img/photos/10.jpg]
[pixinvent.com/apex-angular-4-bootstrap-admin-template/app-assets/img/photos/09.jpg]
[pixinvent.com/apex-angular-4-bootstrap-admin-template/app-assets/vendors/js/datatable/vfs_fonts.js]
[pixinvent.com/apex-angular-4-bootstrap-admin-template/app-assets/img/photos/14.jpg]
[pixinvent.com/apex-angular-4-bootstrap-admin-template/app-assets/img/photos/02.jpg]
[pixinvent.com/apex-angular-4-bootstrap-admin-template/app-assets/img/photos/07.jpg]
[pixinvent.com/apex-angular-4-bootstrap-admin-template/app-assets/img/photos/01.jpg]
[pixinvent.com/apex-angular-4-bootstrap-admin-template/app-assets/img/photos/05.jpg]
[pixinvent.com/apex-angular-4-bootstrap-admin-template/html-demo-1/cards-basic.html]
[pixinvent.com/apex-angular-4-bootstrap-admin-template/app-assets/img/photos/15.jpg]
[pixinvent.com/apex-angular-4-bootstrap-admin-template/app-assets/img/photos/11.jpg]
[pixinvent.com/apex-angular-4-bootstrap-admin-template/app-assets/img/photos/weather-1.jpg]
[pixinvent.com/apex-angular-4-bootstrap-admin-template/app-assets/img/photos/weather-2.png]
[pixinvent.com/apex-angular-4-bootstrap-admin-template/app-assets/img/elements/06.png]
[pixinvent.com/apex-angular-4-bootstrap-admin-template/app-assets/img/elements/04.png]
[pixinvent.com/apex-angular-4-bootstrap-admin-template/app-assets/img/photos/04.jpg]
[pixinvent.com/apex-angular-4-bootstrap-admin-template/app-assets/img/photos/03.jpg]
[pixinvent.com/apex-angular-4-bootstrap-admin-template/app-assets/img/elements/13.png]
[pixinvent.com/apex-angular-4-bootstrap-admin-template/html-demo-1/cards-advanced.html]
[pixinvent.com/apex-angular-4-bootstrap-admin-template/app-assets/vendors/css/leaflet.css]
[pixinvent.com/apex-angular-4-bootstrap-admin-template/app-assets/vendors/js/leaflet.js]
[pixinvent.com/apex-angular-4-bootstrap-admin-template/html-demo-1/map-leaflet.html]
[pixinvent.com/apex-angular-4-bootstrap-admin-template/app-assets/js/map-leaflet.min.js]
[pixinvent.com/apex-angular-4-bootstrap-admin-template/app-assets/vendors/css/apexcharts.css]
[pixinvent.com/apex-angular-4-bootstrap-admin-template/html-demo-1/charts-apex.html]
[pixinvent.com/apex-angular-4-bootstrap-admin-template/app-assets/js/charts-apex.min.js]
[pixinvent.com/apex-angular-4-bootstrap-admin-template/html-demo-1/charts-chartjs.html]
[pixinvent.com/apex-angular-4-bootstrap-admin-template/app-assets/js/charts-chartjs.min.js]
[pixinvent.com/apex-angular-4-bootstrap-admin-template/app-assets/css/pages/charts-chartist.min.css]
[pixinvent.com/apex-angular-4-bootstrap-admin-template/app-assets/vendors/js/chart.min.js]
[pixinvent.com/apex-angular-4-bootstrap-admin-template/html-demo-1/charts-chartist.html]
[pixinvent.com/apex-angular-4-bootstrap-admin-template/app-assets/js/charts-chartist.min.js]
[pixinvent.com/apex-angular-4-bootstrap-admin-template/app-assets/img/gallery/forgot.png]
[pixinvent.com/apex-angular-4-bootstrap-admin-template/html-demo-1/auth-forgot-password.html]
[pixinvent.com/apex-angular-4-bootstrap-admin-template/app-assets/img/gallery/register.png]
[pixinvent.com/apex-angular-4-bootstrap-admin-template/html-demo-1/auth-register.html]
[pixinvent.com/apex-angular-4-bootstrap-admin-template/app-assets/img/gallery/lock.png]
[pixinvent.com/apex-angular-4-bootstrap-admin-template/html-demo-1/auth-lock-screen.html]
[pixinvent.com/apex-angular-4-bootstrap-admin-template/html-demo-1/timeline-horizontal.html]
[pixinvent.com/apex-angular-4-bootstrap-admin-template/app-assets/vendors/js/horizontal-timeline.js]
[pixinvent.com/apex-angular-4-bootstrap-admin-template/app-assets/img/banner/banner-25.jpg]
[pixinvent.com/apex-angular-4-bootstrap-admin-template/app-assets/img/banner/banner-26.jpg]
[pixinvent.com/apex-angular-4-bootstrap-admin-template/app-assets/img/banner/banner-27.jpg]
[pixinvent.com/apex-angular-4-bootstrap-admin-template/html-demo-1/timeline-vertical-center.html]
[pixinvent.com/apex-angular-4-bootstrap-admin-template/html-demo-1/timeline-vertical-left.html]
[pixinvent.com/apex-angular-4-bootstrap-admin-template/html-demo-1/timeline-vertical-right.html]
[pixinvent.com/apex-angular-4-bootstrap-admin-template/app-assets/css/pages/page-users.min.css]
[pixinvent.com/apex-angular-4-bootstrap-admin-template/html-demo-1/page-users-list.html]
[pixinvent.com/apex-angular-4-bootstrap-admin-template/html-demo-1/page-users-view.html]
[pixinvent.com/apex-angular-4-bootstrap-admin-template/html-demo-1/page-users-edit.html]
[pixinvent.com/apex-angular-4-bootstrap-admin-template/html-demo-1/page-account-settings.html]
[pixinvent.com/apex-angular-4-bootstrap-admin-template/app-assets/js/page-users.min.js]
[pixinvent.com/apex-angular-4-bootstrap-admin-template/app-assets/css/pages/page-invoice.min.css]
[pixinvent.com/apex-angular-4-bootstrap-admin-template/app-assets/img/logos/logo-color-big.png]
[pixinvent.com/apex-angular-4-bootstrap-admin-template/app-assets/img/pages/signature-scan.png]
[pixinvent.com/apex-angular-4-bootstrap-admin-template/app-assets/js/page-invoice.min.js]
[pixinvent.com/apex-angular-4-bootstrap-admin-template/html-demo-1/page-invoice.html]
[pixinvent.com/apex-angular-4-bootstrap-admin-template/app-assets/img/gallery/error.png]
[pixinvent.com/apex-angular-4-bootstrap-admin-template/html-demo-1/page-error.html]
[pixinvent.com/apex-angular-4-bootstrap-admin-template/app-assets/css/pages/page-coming-soon.css]
[pixinvent.com/apex-angular-4-bootstrap-admin-template/app-assets/img/gallery/coming-soon.png]
[pixinvent.com/apex-angular-4-bootstrap-admin-template/app-assets/vendors/js/jquery.countdown.min.js]
[pixinvent.com/apex-angular-4-bootstrap-admin-template/html-demo-1/page-coming-soon.html]
[pixinvent.com/apex-angular-4-bootstrap-admin-template/app-assets/js/page-coming-soon.js]
[pixinvent.com/apex-angular-4-bootstrap-admin-template/app-assets/img/gallery/maintenance.png]
[pixinvent.com/apex-angular-4-bootstrap-admin-template/html-demo-1/page-maintenance.html]
[pixinvent.com/apex-angular-4-bootstrap-admin-template/app-assets/css/pages/page-gallery.min.css]
[pixinvent.com/apex-angular-4-bootstrap-admin-template/app-assets/img/gallery/19.jpg]
[pixinvent.com/apex-angular-4-bootstrap-admin-template/app-assets/img/gallery/2.jpg]
[pixinvent.com/apex-angular-4-bootstrap-admin-template/app-assets/img/gallery/22.jpg]
[pixinvent.com/apex-angular-4-bootstrap-admin-template/app-assets/img/gallery/26.jpg]
[pixinvent.com/apex-angular-4-bootstrap-admin-template/app-assets/img/gallery/9.jpg]
[pixinvent.com/apex-angular-4-bootstrap-admin-template/app-assets/img/gallery/10.jpg]
[pixinvent.com/apex-angular-4-bootstrap-admin-template/app-assets/img/gallery/11.jpg]
[pixinvent.com/apex-angular-4-bootstrap-admin-template/app-assets/img/gallery/24.jpg]
[pixinvent.com/apex-angular-4-bootstrap-admin-template/app-assets/img/gallery/13.jpg]
[pixinvent.com/apex-angular-4-bootstrap-admin-template/app-assets/img/gallery/31.jpg]
[pixinvent.com/apex-angular-4-bootstrap-admin-template/html-demo-1/page-gallery.html]
[pixinvent.com/apex-angular-4-bootstrap-admin-template/app-assets/css/pages/page-search.min.css]
[pixinvent.com/apex-angular-4-bootstrap-admin-template/app-assets/img/pages/pixinvent.jpg]
[pixinvent.com/apex-angular-4-bootstrap-admin-template/app-assets/img/pages/apex.jpg]
[pixinvent.com/apex-angular-4-bootstrap-admin-template/app-assets/img/pages/materialize.jpg]
[pixinvent.com/apex-angular-4-bootstrap-admin-template/app-assets/img/pages/modern.jpg]
[pixinvent.com/apex-angular-4-bootstrap-admin-template/app-assets/img/pages/stack.jpg]
[pixinvent.com/apex-angular-4-bootstrap-admin-template/app-assets/img/pages/vuexy.jpg]
[pixinvent.com/apex-angular-4-bootstrap-admin-template/app-assets/img/pages/1-apex.png]
[pixinvent.com/apex-angular-4-bootstrap-admin-template/app-assets/img/pages/2-stack.png]
[pixinvent.com/apex-angular-4-bootstrap-admin-template/app-assets/img/pages/3-convex.png]
[pixinvent.com/apex-angular-4-bootstrap-admin-template/app-assets/img/pages/4-materialize.png]
[pixinvent.com/apex-angular-4-bootstrap-admin-template/app-assets/img/pages/modern-thumbnail.png]
[pixinvent.com/apex-angular-4-bootstrap-admin-template/app-assets/img/pages/thumbnail.png]
[pixinvent.com/apex-angular-4-bootstrap-admin-template/app-assets/img/pages/vuexy-banner.jpg]
[pixinvent.com/apex-angular-4-bootstrap-admin-template/app-assets/js/page-search.min.js]
[pixinvent.com/apex-angular-4-bootstrap-admin-template/html-demo-1/page-search.html]
[pixinvent.com/apex-angular-4-bootstrap-admin-template/app-assets/css/pages/page-faq.min.css]
[pixinvent.com/apex-angular-4-bootstrap-admin-template/html-demo-1/page-faq.html]
[pixinvent.com/apex-angular-4-bootstrap-admin-template/app-assets/js/page-faq.min.js]
[pixinvent.com/apex-angular-4-bootstrap-admin-template/app-assets/css/pages/page-knowledge.min.css]
[pixinvent.com/apex-angular-4-bootstrap-admin-template/html-demo-1/page-knowledge-categories.html]
[pixinvent.com/apex-angular-4-bootstrap-admin-template/html-demo-1/page-knowledge-base.html]
[pixinvent.com/apex-angular-4-bootstrap-admin-template/app-assets/css/pages/app-chat.min.css]
[pixinvent.com/apex-angular-4-bootstrap-admin-template/app-assets/vendors/css/swiper.min.css]
[pixinvent.com/apex-angular-4-bootstrap-admin-template/app-assets/css/pages/page-user-profile.min.css]
[pixinvent.com/apex-angular-4-bootstrap-admin-template/app-assets/js/page-knowledge.min.js]
[pixinvent.com/apex-angular-4-bootstrap-admin-template/app-assets/vendors/css/fonts/KaTeX_Main-Regular.woff2]
[pixinvent.com/apex-angular-4-bootstrap-admin-template/app-assets/vendors/css/fonts/KaTeX_Math-Italic.woff2]
[pixinvent.com/apex-angular-4-bootstrap-admin-template/app-assets/vendors/css/katex.min.css]
[pixinvent.com/apex-angular-4-bootstrap-admin-template/app-assets/vendors/css/monokai-sublime.min.css]
[pixinvent.com/apex-angular-4-bootstrap-admin-template/app-assets/vendors/css/quill.snow.css]
[pixinvent.com/apex-angular-4-bootstrap-admin-template/app-assets/vendors/css/quill.bubble.css]
[pixinvent.com/apex-angular-4-bootstrap-admin-template/app-assets/css/pages/app-email.min.css]
[pixinvent.com/apex-angular-4-bootstrap-admin-template/app-assets/css/pages/authentication.css]
[pixinvent.com/apex-angular-4-bootstrap-admin-template/app-assets/css/pages/dashboard1.min.css]
[pixinvent.com/apex-angular-4-bootstrap-admin-template/app-assets/vendors/css/dragula.min.css]
[pixinvent.com/apex-angular-4-bootstrap-admin-template/app-assets/css/pages/app-taskboard.min.css]
[pixinvent.com/apex-angular-4-bootstrap-admin-template/app-assets/vendors/css/fullcalendar.min.css]
[pixinvent.com/apex-angular-4-bootstrap-admin-template/app-assets/vendors/css/daygrid.min.css]
[pixinvent.com/apex-angular-4-bootstrap-admin-template/app-assets/vendors/css/timegrid.min.css]
[pixinvent.com/apex-angular-4-bootstrap-admin-template/app-assets/css/pages/app-calendar.min.css]
[pixinvent.com/app-assets/img/portrait/small/avatar-s-1.html]
[pixinvent.com/apex-angular-4-bootstrap-admin-template/app-assets/vendors/css/sweetalert2.min.css]
[pixinvent.com/apex-angular-4-bootstrap-admin-template/app-assets/vendors/css/animate.min.css]
[pixinvent.com/apex-angular-4-bootstrap-admin-template/app-assets/css/pages/ex-component-sweet-alerts.min.css]
[pixinvent.com/apex-angular-4-bootstrap-admin-template/app-assets/vendors/css/toastr.css]
[pixinvent.com/apex-angular-4-bootstrap-admin-template/app-assets/css/pages/ex-component-toastr.min.css]
[pixinvent.com/apex-angular-4-bootstrap-admin-template/app-assets/vendors/css/nouislider.min.css]
[pixinvent.com/apex-angular-4-bootstrap-admin-template/app-assets/css/pages/ex-component-nouislider.min.css]
[pixinvent.com/apex-angular-4-bootstrap-admin-template/app-assets/vendors/css/dropzone.min.css]
[pixinvent.com/apex-angular-4-bootstrap-admin-template/app-assets/css/plugins/ex-component-upload.min.css]
[pixinvent.com/apex-angular-4-bootstrap-admin-template/app-assets/css/pages/ex-component-dragndrop.min.css]
[pixinvent.com/apex-angular-4-bootstrap-admin-template/app-assets/vendors/css/shepherd.min.css]
[pixinvent.com/apex-angular-4-bootstrap-admin-template/app-assets/css/plugins/ex-component-tour.min.css]
[pixinvent.com/apex-angular-4-bootstrap-admin-template/app-assets/vendors/css/plyr.css]
[pixinvent.com/apex-angular-4-bootstrap-admin-template/app-assets/css/pages/ex-component-media-player.min.css]
[pixinvent.com/apex-angular-4-bootstrap-admin-template/app-assets/vendors/css/bootstrap-treeview.min.css]
[pixinvent.com/apex-angular-4-bootstrap-admin-template/app-assets/css/pages/ex-component-treeview.min.css]
[pixinvent.com/apex-angular-4-bootstrap-admin-template/app-assets/css/pages/ex-component-swiper.min.css]
[pixinvent.com/apex-angular-4-bootstrap-admin-template/app-assets/vendors/css/jquery.contextMenu.min.css]
[pixinvent.com/apex-angular-4-bootstrap-admin-template/app-assets/css/pages/ex-component-miscellaneous.min.css]
[pixinvent.com/apex-angular-4-bootstrap-admin-template/app-assets/css/plugins/cropper/ex-component-image-cropper.min.css]
[pixinvent.com/apex-angular-4-bootstrap-admin-template/app-assets/vendors/css/select2.min.css]
[pixinvent.com/apex-angular-4-bootstrap-admin-template/app-assets/vendors/css/tagging.css]
[pixinvent.com/apex-angular-4-bootstrap-admin-template/app-assets/vendors/css/pickadate/pickadate.css]
[pixinvent.com/apex-angular-4-bootstrap-admin-template/app-assets/css/plugins/form-validation.css]
[pixinvent.com/apex-angular-4-bootstrap-admin-template/app-assets/css/pages/form-wizard.min.css]
[pixinvent.com/apex-angular-4-bootstrap-admin-template/app-assets/vendors/css/datatables/dataTables.bootstrap4.min.css]
[pixinvent.com/apex-angular-4-bootstrap-admin-template/app-assets/vendors/css/images/layers.png]
[pixinvent.com/apex-angular-4-bootstrap-admin-template/app-assets/vendors/css/images/layers-2x.png]
[pixinvent.com/apex-angular-4-bootstrap-admin-template/app-assets/vendors/css/images/marker-icon.png]
[pixinvent.com/apex-angular-4-bootstrap-admin-template/app-assets/vendors/css/leaflet.css]
[pixinvent.com/apex-angular-4-bootstrap-admin-template/app-assets/css/pages/map-leaflet.min.css]
[pixinvent.com/apex-angular-4-bootstrap-admin-template/app-assets/vendors/css/apexcharts.css]
[pixinvent.com/apex-angular-4-bootstrap-admin-template/app-assets/css/pages/charts-apex.min.css]
[pixinvent.com/apex-angular-4-bootstrap-admin-template/app-assets/css/pages/charts-chartist.min.css]
[pixinvent.com/apex-angular-4-bootstrap-admin-template/app-assets/css/pages/page-users.min.css]
[pixinvent.com/apex-angular-4-bootstrap-admin-template/app-assets/css/pages/page-invoice.min.css]
[pixinvent.com/apex-angular-4-bootstrap-admin-template/app-assets/css/pages/page-error.min.css]
[pixinvent.com/apex-angular-4-bootstrap-admin-template/app-assets/css/pages/page-coming-soon.css]
[pixinvent.com/apex-angular-4-bootstrap-admin-template/app-assets/css/pages/page-maintenance.min.css]
[pixinvent.com/apex-angular-4-bootstrap-admin-template/app-assets/css/pages/page-gallery.min.css]
[pixinvent.com/apex-angular-4-bootstrap-admin-template/app-assets/css/pages/page-search.min.css]
[pixinvent.com/apex-angular-4-bootstrap-admin-template/app-assets/img/pages/faq.png]
[pixinvent.com/apex-angular-4-bootstrap-admin-template/app-assets/css/pages/page-faq.min.css]
[pixinvent.com/apex-angular-4-bootstrap-admin-template/app-assets/css/pages/page-knowledge.min.css]
[pixinvent.com/apex-angular-4-bootstrap-admin-template/html-demo-1/page-knowledge-categories.html]
[pixinvent.com/apex-angular-4-bootstrap-admin-template/html-demo-1/page-knowledge-question.html]
[pixinvent.com/apex-angular-4-bootstrap-admin-template/html-demo-1/page-knowledge-question.html]
[pixinvent.com/apex-angular-4-bootstrap-admin-template/app-assets/vendors/css/fonts/KaTeX_AMS-Regular.html]
[pixinvent.com/apex-angular-4-bootstrap-admin-template/app-assets/vendors/css/fonts/KaTeX_AMS-Regular-2.html]
[pixinvent.com/apex-angular-4-bootstrap-admin-template/app-assets/vendors/css/fonts/KaTeX_AMS-Regular-3.html]
[pixinvent.com/apex-angular-4-bootstrap-admin-template/app-assets/vendors/css/fonts/KaTeX_AMS-Regular-4.html]
[pixinvent.com/apex-angular-4-bootstrap-admin-template/app-assets/vendors/css/fonts/KaTeX_Caligraphic-Bold.html]
[pixinvent.com/apex-angular-4-bootstrap-admin-template/app-assets/vendors/css/fonts/KaTeX_Caligraphic-Bold-2.html]
[pixinvent.com/apex-angular-4-bootstrap-admin-template/app-assets/vendors/css/fonts/KaTeX_Caligraphic-Bold-3.html]
[pixinvent.com/apex-angular-4-bootstrap-admin-template/app-assets/vendors/css/fonts/KaTeX_Caligraphic-Bold-4.html]
[pixinvent.com/apex-angular-4-bootstrap-admin-template/app-assets/vendors/css/fonts/KaTeX_Caligraphic-Regular.html]
[pixinvent.com/apex-angular-4-bootstrap-admin-template/app-assets/vendors/css/fonts/KaTeX_Caligraphic-Regular-2.html]
[pixinvent.com/apex-angular-4-bootstrap-admin-template/app-assets/vendors/css/fonts/KaTeX_Caligraphic-Regular-3.html]
[pixinvent.com/apex-angular-4-bootstrap-admin-template/app-assets/vendors/css/fonts/KaTeX_Caligraphic-Regular-4.html]
[pixinvent.com/apex-angular-4-bootstrap-admin-template/app-assets/vendors/css/fonts/KaTeX_Fraktur-Bold.html]
[pixinvent.com/apex-angular-4-bootstrap-admin-template/app-assets/vendors/css/fonts/KaTeX_Fraktur-Bold-2.html]
[pixinvent.com/apex-angular-4-bootstrap-admin-template/app-assets/vendors/css/fonts/KaTeX_Fraktur-Bold-3.html]
[pixinvent.com/apex-angular-4-bootstrap-admin-template/app-assets/vendors/css/fonts/KaTeX_Fraktur-Bold-4.html]
[pixinvent.com/apex-angular-4-bootstrap-admin-template/app-assets/vendors/css/fonts/KaTeX_Fraktur-Regular.html]
[pixinvent.com/apex-angular-4-bootstrap-admin-template/app-assets/vendors/css/fonts/KaTeX_Fraktur-Regular-2.html]
[pixinvent.com/apex-angular-4-bootstrap-admin-template/app-assets/vendors/css/fonts/KaTeX_Fraktur-Regular-3.html]
[pixinvent.com/apex-angular-4-bootstrap-admin-template/app-assets/vendors/css/fonts/KaTeX_Fraktur-Regular-4.html]
[pixinvent.com/apex-angular-4-bootstrap-admin-template/app-assets/vendors/css/fonts/KaTeX_Main-Bold.html]
[pixinvent.com/apex-angular-4-bootstrap-admin-template/app-assets/vendors/css/fonts/KaTeX_Main-Bold-2.html]
[pixinvent.com/apex-angular-4-bootstrap-admin-template/app-assets/vendors/css/fonts/KaTeX_Main-Bold-3.html]
[pixinvent.com/apex-angular-4-bootstrap-admin-template/app-assets/vendors/css/fonts/KaTeX_Main-Bold-4.html]
[pixinvent.com/apex-angular-4-bootstrap-admin-template/app-assets/vendors/css/fonts/KaTeX_Main-Italic.html]
[pixinvent.com/apex-angular-4-bootstrap-admin-template/app-assets/vendors/css/fonts/KaTeX_Main-Italic-2.html]
[pixinvent.com/apex-angular-4-bootstrap-admin-template/app-assets/vendors/css/fonts/KaTeX_Main-Italic-3.html]
[pixinvent.com/apex-angular-4-bootstrap-admin-template/app-assets/vendors/css/fonts/KaTeX_Main-Italic-4.html]
[pixinvent.com/apex-angular-4-bootstrap-admin-template/app-assets/vendors/css/fonts/KaTeX_Main-Regular.html]
[pixinvent.com/apex-angular-4-bootstrap-admin-template/app-assets/vendors/css/fonts/KaTeX_Main-Regular-2.html]
[pixinvent.com/apex-angular-4-bootstrap-admin-template/app-assets/vendors/css/fonts/KaTeX_Main-Regular-3.html]
[pixinvent.com/apex-angular-4-bootstrap-admin-template/app-assets/vendors/css/fonts/KaTeX_Math-Italic.html]
[pixinvent.com/apex-angular-4-bootstrap-admin-template/app-assets/vendors/css/fonts/KaTeX_Math-Italic-2.html]
[pixinvent.com/apex-angular-4-bootstrap-admin-template/app-assets/vendors/css/fonts/KaTeX_Math-Italic-3.html]
[pixinvent.com/apex-angular-4-bootstrap-admin-template/app-assets/vendors/css/fonts/KaTeX_SansSerif-Regular.html]
[pixinvent.com/apex-angular-4-bootstrap-admin-template/app-assets/vendors/css/fonts/KaTeX_SansSerif-Regular-2.html]
[pixinvent.com/apex-angular-4-bootstrap-admin-template/app-assets/vendors/css/fonts/KaTeX_SansSerif-Regular-3.html]
[pixinvent.com/apex-angular-4-bootstrap-admin-template/app-assets/vendors/css/fonts/KaTeX_SansSerif-Regular-4.html]
[pixinvent.com/apex-angular-4-bootstrap-admin-template/app-assets/vendors/css/fonts/KaTeX_Script-Regular.html]
[pixinvent.com/apex-angular-4-bootstrap-admin-template/app-assets/vendors/css/fonts/KaTeX_Script-Regular-2.html]
[pixinvent.com/apex-angular-4-bootstrap-admin-template/app-assets/vendors/css/fonts/KaTeX_Script-Regular-3.html]
[pixinvent.com/apex-angular-4-bootstrap-admin-template/app-assets/vendors/css/fonts/KaTeX_Script-Regular-4.html]
[pixinvent.com/apex-angular-4-bootstrap-admin-template/app-assets/vendors/css/fonts/KaTeX_Size1-Regular.html]
[pixinvent.com/apex-angular-4-bootstrap-admin-template/app-assets/vendors/css/fonts/KaTeX_Size1-Regular-2.html]
[pixinvent.com/apex-angular-4-bootstrap-admin-template/app-assets/vendors/css/fonts/KaTeX_Size1-Regular-3.html]
[pixinvent.com/apex-angular-4-bootstrap-admin-template/app-assets/vendors/css/fonts/KaTeX_Size1-Regular-4.html]
[pixinvent.com/apex-angular-4-bootstrap-admin-template/app-assets/vendors/css/fonts/KaTeX_Size2-Regular.html]
[pixinvent.com/apex-angular-4-bootstrap-admin-template/app-assets/vendors/css/fonts/KaTeX_Size2-Regular-2.html]
[pixinvent.com/apex-angular-4-bootstrap-admin-template/app-assets/vendors/css/fonts/KaTeX_Size2-Regular-3.html]
[pixinvent.com/apex-angular-4-bootstrap-admin-template/app-assets/vendors/css/fonts/KaTeX_Size2-Regular-4.html]
[pixinvent.com/apex-angular-4-bootstrap-admin-template/app-assets/vendors/css/fonts/KaTeX_Size3-Regular.html]
[pixinvent.com/apex-angular-4-bootstrap-admin-template/app-assets/vendors/css/fonts/KaTeX_Size3-Regular-2.html]
[pixinvent.com/apex-angular-4-bootstrap-admin-template/app-assets/vendors/css/fonts/KaTeX_Size3-Regular-3.html]
[pixinvent.com/apex-angular-4-bootstrap-admin-template/app-assets/vendors/css/fonts/KaTeX_Size3-Regular-4.html]
[pixinvent.com/apex-angular-4-bootstrap-admin-template/app-assets/vendors/css/fonts/KaTeX_Size4-Regular.html]
[pixinvent.com/apex-angular-4-bootstrap-admin-template/app-assets/vendors/css/fonts/KaTeX_Size4-Regular-2.html]
[pixinvent.com/apex-angular-4-bootstrap-admin-template/app-assets/vendors/css/fonts/KaTeX_Size4-Regular-3.html]
[pixinvent.com/apex-angular-4-bootstrap-admin-template/app-assets/vendors/css/fonts/KaTeX_Size4-Regular-4.html]
[pixinvent.com/apex-angular-4-bootstrap-admin-template/app-assets/vendors/css/fonts/KaTeX_Typewriter-Regular.html]
[pixinvent.com/apex-angular-4-bootstrap-admin-template/app-assets/vendors/css/fonts/KaTeX_Typewriter-Regular-2.html]
[pixinvent.com/apex-angular-4-bootstrap-admin-template/app-assets/vendors/css/fonts/KaTeX_Typewriter-Regular-3.html]
[pixinvent.com/apex-angular-4-bootstrap-admin-template/app-assets/vendors/css/fonts/KaTeX_Typewriter-Regular-4.html]
[pixinvent.com/apex-angular-4-bootstrap-admin-template/app-assets/vendors/css/font/context-menu-icons63a6.html]
[pixinvent.com/apex-angular-4-bootstrap-admin-template/app-assets/vendors/css/font/context-menu-icons63a6-2.html]
[pixinvent.com/apex-angular-4-bootstrap-admin-template/app-assets/vendors/css/font/context-menu-icons63a6-3.html]
[pixinvent.com/apex-angular-4-bootstrap-admin-template/app-assets/vendors/css/font/context-menu-icons63a6-4.html]
